// Jest Snapshot v1, https://goo.gl/fbAQLP

exports[`InputWithLabel renders snapshot 1`] = `
Array [
  <label
    className="label"
    htmlFor="1"
  >
    Input with Label
  </label>,
  "Â ",
  <input
    className="input"
    id="1"
    type="text"
    value="a"
  />,
]
`;

exports[`Item renders snapshot 1`] = `
<div
  className="item"
>
  <span
    style={
      Object {
        "width": "40%",
      }
    }
  >
    <a
      href="https://reactjs.org/"
    >
      React
    </a>
  </span>
  <span
    style={
      Object {
        "width": "30%",
      }
    }
  >
    Jordan Walke
  </span>
  <span
    style={
      Object {
        "width": "10%",
      }
    }
  >
    3
  </span>
  <span
    style={
      Object {
        "width": "10%",
      }
    }
  >
    4
  </span>
  <span
    style={
      Object {
        "width": "10%",
      }
    }
  >
    <button
      className="button buttonSmall"
      onClick={[Function]}
      type="button"
    >
      <svg
        height="18px"
        width="18px"
      >
        check.svg
      </svg>
    </button>
  </span>
</div>
`;
